crates/amun-amendments/src/proposal.rs:109:pub enum AmendmentStatus {
crates/amun-amendments/src/proposal.rs:15:pub enum GovernanceAuthority {
crates/amun-amendments/src/proposal.rs:33:pub enum AmendmentClass {
crates/amun-amendments/src/proposal.rs:56:pub enum AmendmentType {
crates/amun-attack-lab/src/scenario.rs:5:pub enum ExpectedOutcome {
crates/amun-attack-lab/src/simulator.rs:49:pub enum SimulationResult {
crates/amun-attack-lab/src/strategy.rs:2:pub enum ByzantineStrategy {
crates/amun-authority-registry/src/executor.rs:10:pub enum GovernanceError {
crates/amun-authority-registry/src/governance.rs:5:pub enum GovernanceAction {
crates/amun-authority-registry/src/transaction.rs:8:pub enum GovernanceTransaction {
crates/amun-authority-registry/src/voting.rs:6:pub enum GovernanceVote {
crates/amun-binary-codec/src/codec.rs:4:pub enum CodecError {
crates/amun-bytecode/src/interpreter.rs:11:pub enum InterpreterResult {
crates/amun-bytecode/src/opcodes.rs:5:pub enum OpCode {
crates/amun-canonical-collections/src/lib.rs:37:pub enum CollectionError {
crates/amun-canonical/src/error.rs:2:pub enum CanonicalError {
crates/amun-canonical/src/schema.rs:2:pub enum SchemaVersion {
crates/amun-certificate-network/src/distribution.rs:16:pub enum CertificateMessage {
crates/amun-certificate-network/src/distribution.rs:37:pub enum InclusionProofMessage {
crates/amun-certificate-network/src/distribution.rs:88:pub enum ProofBundleMessage {
crates/amun-certificate-network/src/gossip.rs:11:pub enum CertificateAnnouncement {
crates/amun-certificate-network/src/gossip.rs:23:pub enum CertificateInventory {
crates/amun-certificate-network/src/gossip.rs:33:pub enum CertificateSync {
crates/amun-certificate-network/src/gossip.rs:47:pub enum ProofSync {
crates/amun-certificate-network/src/gossip.rs:58:pub enum BundleGossip {
crates/amun-chain-store/src/store.rs:8:pub enum StoreError {
crates/amun-civilizational-relations/src/relation.rs:28:pub enum RelationType {
crates/amun-civilizational-relations/src/relation.rs:6:pub enum CivilizationalRelation {
crates/amun-cli/src/main.rs:13:enum Commands {
crates/amun-codec/src/containers.rs:10:pub enum DuplicatePolicy {
crates/amun-codec/src/domain.rs:7:pub enum HashDomain {
crates/amun-compatibility/src/migration.rs:13:pub enum MigrationCostClass {
crates/amun-consensus-law/src/transitions.rs:2:pub enum ConsensusPhase {
crates/amun-consensus-law/src/validator.rs:2:pub enum ValidatorStatus {
crates/amun-consensus-messages/src/lib.rs:4:pub enum ConsensusPhase {
crates/amun-consensus-messages/src/message.rs:5:pub enum ConsensusPhase {
crates/amun-consensus-network/src/certificate_evidence_validation.rs:22:pub enum EvidenceValidationResult {
crates/amun-consensus-network/src/engine.rs:221:pub enum NodeState {
crates/amun-consensus-network/src/evidence_store.rs:14:pub enum EvidenceType {
crates/amun-consensus-network/src/evidence_store.rs:26:pub enum EvidenceStatus {
crates/amun-consensus-network/src/integrated_slashing.rs:28:pub enum PipelineResult {
crates/amun-consensus-network/src/messages.rs:513:pub enum NetworkMessage {
crates/amun-consensus-network/src/misbehavior.rs:9:pub enum OffenseType {
crates/amun-consensus-network/src/misbehavior_registry.rs:52:pub enum ValidatorStatus {
crates/amun-consensus-network/src/misbehavior_registry.rs:61:pub enum ValidatorAction {
crates/amun-consensus-network/src/slashing_certificate.rs:87:pub enum CertificateResultingStatus {
crates/amun-consensus-network/src/validator_status.rs:4:pub enum ValidatorStatus {
crates/amun-consensus-network/tests/n109_block_propagation.rs:42:enum NetworkMessage {
crates/amun-consensus-reactor/src/event.rs:5:pub enum ReactorEvent {
crates/amun-consensus-signatures/src/domain.rs:5:pub enum SignatureDomain {
crates/amun-consensus-types/src/errors.rs:5:pub enum ConsensusError {
crates/amun-consensus-types/src/phase.rs:6:pub enum ConsensusPhase {
crates/amun-consensus/amun_consensus/src/block/mod.rs:8:pub enum BlockVersion {
crates/amun-consensus/src/action.rs:5:pub enum ConsensusAction {
crates/amun-consensus/src/state.rs:4:pub enum ConsensusStep {
crates/amun-consensus/src/types.rs:26:pub enum VoteType {
crates/amun-constitution-core/src/phase.rs:3:pub enum ConstitutionalPhase {
crates/amun-constitution/src/activation.rs:5:pub enum ActivationStatus {
crates/amun-constitution/src/adaptive_adversary.rs:24:pub enum ValidatorCorruptionState {
crates/amun-constitution/src/execution_semantics.rs:25:pub enum ExecutionResult {
crates/amun-constitution/src/freeze_map.rs:21:pub enum QuorumClass {
crates/amun-constitution/src/freeze_map.rs:5:pub enum MutabilityClass {
crates/amun-constitution/src/freeze_validator.rs:5:pub enum FreezeViolation {
crates/amun-constitution/src/hash_domains.rs:3:pub enum HashDomain {
crates/amun-constitution/src/operational_semantics.rs:16:pub enum Computation {
crates/amun-constitution/src/storage.rs:7:pub enum WALEntryState {
crates/amun-constitution/src/synchrony.rs:4:pub enum SynchronyModel {
crates/amun-constitutional-commitment/src/economic_error.rs:4:pub enum EconomicError {
crates/amun-constitutional-commitments/src/smt.rs:8:pub enum ProofType {
crates/amun-constitutional-enforcement/src/lib.rs:41:pub enum ConstitutionalVerdict {
crates/amun-constitutional-enforcement/src/lib.rs:56:pub enum ConstitutionalLaw {
crates/amun-constitutional-geometry/src/curvature.rs:57:pub enum CausalComplexity {
crates/amun-constitutional-geometry/src/emergent_horizons.rs:22:pub enum SingularityType {
crates/amun-constitutional-geometry/src/fields.rs:12:pub enum FieldType {
crates/amun-constitutional-geometry/src/flow_dynamics.rs:22:pub enum ConstitutionalForce {
crates/amun-constitutional-geometry/src/horizons.rs:12:pub enum HorizonType {
crates/amun-constitutional-geometry/src/stability.rs:46:pub enum AttractorType {
crates/amun-constitutional-governance/src/amendment.rs:9:pub enum AmendmentState {
crates/amun-constitutional-proof/src/certification.rs:14:pub enum CertificationVerdict {
crates/amun-constitutional-proof/src/evidence_status.rs:5:pub enum EvidenceStatus {
crates/amun-constitutional-proof/src/evidence_type.rs:5:pub enum EvidenceType {
crates/amun-constitutional-proof/src/obligation_kind.rs:5:pub enum ObligationKind {
crates/amun-constitutional-proof/src/obligation_namespace.rs:6:pub enum ObligationNamespace {
crates/amun-constitutional-proof/src/obligation_result_status.rs:5:pub enum ObligationResultStatus {
crates/amun-constitutional-proof/src/obligation_severity.rs:5:pub enum ObligationSeverity {
crates/amun-constitutional-proof/src/obligation_status.rs:6:pub enum ObligationStatus {
crates/amun-constitutional-proof/src/registry_error.rs:6:pub enum RegistryError {
crates/amun-constitutional-proof/src/verdict_result.rs:5:pub enum VerdictResult {
crates/amun-constitutional-quarantine/src/levels.rs:4:pub enum QuarantineLevel {
crates/amun-constitutional-quarantine/src/rehabilitation.rs:13:pub enum RehabilitationStep {
crates/amun-constitutional-runtime/src/runtime_pipeline.rs:16:pub enum PipelineResult {
crates/amun-constitutional-sim/src/types.rs:5:pub enum ClaimAction {
crates/amun-constitutional-treaties/src/treaty.rs:13:pub enum TreatyType {
crates/amun-constitutional-treaties/src/treaty.rs:27:pub enum TreatyStatus {
crates/amun-constitutional-verifier/src/result.rs:2:pub enum VerificationFailure {
crates/amun-constitutional/src/artifact_graph.rs:21:pub enum ArtifactEdgeType {
crates/amun-constitutional/src/artifact_graph.rs:32:pub enum EdgeVerification {
crates/amun-constitutional/src/causality_type.rs:19:pub enum CausalityType {
crates/amun-constitutional/src/certificate_scope.rs:23:pub enum ScopeRelationship {
crates/amun-constitutional/src/cycle_detection.rs:12:pub enum CycleDetectionResult {
crates/amun-constitutional/src/divergence_resolution.rs:16:pub enum ResolutionType {
crates/amun-constitutional/src/divergence_type.rs:13:pub enum DivergenceType {
crates/amun-constitutional/src/kernel_types.rs:6:pub enum ReplayDomain {
crates/amun-constitutional/src/replay_outcome.rs:15:pub enum ReplayOutcome {
crates/amun-constitutional/src/revision_migration.rs:13:pub enum RevisionCompatibility {
crates/amun-constitutional/src/snapshot_scope.rs:24:pub enum SnapshotScopeRelationship {
crates/amun-constitutional/src/snapshot_scope.rs:39:pub enum RestorationOutcome {
crates/amun-constitutional/src/state_anchor_scope.rs:21:pub enum AnchorScopeRelationship {
crates/amun-constitutional/src/witness_type.rs:13:pub enum WitnessType {
crates/amun-crypto/src/agility.rs:2:pub enum SignatureScheme {
crates/amun-crypto/src/ed25519.rs:6:pub enum CryptoError {
crates/amun-entropy-transcript/src/source.rs:5:pub enum EntropyRole {
crates/amun-evidence-engine/src/evidence_types.rs:6:pub enum ConstitutionalEvidence {
crates/amun-evidence/src/evidence.rs:39:pub enum EvidenceProof {
crates/amun-evidence/src/evidence.rs:8:pub enum EvidenceType {
crates/amun-evolution/src/executor.rs:25:pub enum EvolutionError {
crates/amun-evolution/src/transition.rs:59:pub enum TransitionResult {
crates/amun-execution-receipt/src/lib.rs:18:pub enum ExecutionStatus {
crates/amun-execution/src/verified_interpreter.rs:7:pub enum ExecutionError {
crates/amun-failure-memory/src/pattern.rs:2:pub enum FailureSeverity {
crates/amun-failure/src/kernel_state.rs:7:pub enum KernelHealth {
crates/amun-failure/src/taxonomy.rs:5:pub enum ConstitutionalFault {
crates/amun-failure/src/taxonomy.rs:68:pub enum FaultSeverity {
crates/amun-failure/src/taxonomy.rs:76:pub enum Subsystem {
crates/amun-gas-engine/src/gas_engine.rs:6:pub enum GasEngineResult {
crates/amun-gossip/src/topics.rs:2:pub enum Topic {
crates/amun-governance/src/proposal.rs:2:pub enum ProposalType {
crates/amun-governance/src/proposal.rs:8:pub enum ProposalStatus {
crates/amun-invariant-engine/src/invariant_types.rs:18:pub enum InvariantScope {
crates/amun-invariant-engine/src/invariant_types.rs:5:pub enum InvariantSeverity {
crates/amun-invariants/src/kernel.rs:2:pub enum InvariantSeverity {
crates/amun-invariants/src/registry.rs:87:pub enum InvariantHealth {
crates/amun-kernel/src/governance.rs:101:pub enum AuthorityRole {
crates/amun-kernel/src/governance.rs:13:pub enum Signature {
crates/amun-kernel/src/governance.rs:145:pub enum FreezeDomain {
crates/amun-lineage-law/src/compatibility.rs:71:pub enum CompatibilityVerdict {
crates/amun-lineage/src/compatibility.rs:2:pub enum CompatibilityClass {
crates/amun-lineage/src/lineage.rs:37:pub enum EvolutionMode {
crates/amun-lineage/src/lineage.rs:56:pub enum CivilizationStatus {
crates/amun-lineage/src/lineage.rs:71:pub enum RegistrationError {
crates/amun-lineage/src/record.rs:29:pub enum SnapshotGuarantee {
crates/amun-lineage/src/record.rs:51:pub enum ProofGuarantee {
crates/amun-lineage/src/record.rs:73:pub enum GovernanceGuarantee {
crates/amun-lineage/src/record.rs:7:pub enum ReplayGuarantee {
crates/amun-lineage/src/record.rs:95:pub enum ContinuityClass {
crates/amun-lock-rule/src/violation.rs:10:pub enum LockViolationType {
crates/amun-mempool-gossip/src/messages.rs:19:pub enum GossipMessage {
crates/amun-merkle/src/domain.rs:7:pub enum MerkleDomain {
crates/amun-merkle/src/proof.rs:10:pub enum Direction {
crates/amun-network-constitution/src/message.rs:7:pub enum NetworkMessageType {
crates/amun-network-scheduler/src/message.rs:5:pub enum NetworkMessage {
crates/amun-network-transport/src/message.rs:6:pub enum NetworkMessage {
crates/amun-network-transport/src/message.rs:89:pub enum StateSyncResponse {
crates/amun-network-transport/src/transport.rs:11:pub enum TransportError {
crates/amun-network/src/framing.rs:2:pub enum MessageType {
crates/amun-network/src/peer.rs:4:pub enum PeerState {
crates/amun-networking/src/messages.rs:4:pub enum MessageType {
crates/amun-networking/src/node.rs:23:pub enum NodeLifecycle {
crates/amun-networking/src/peers.rs:12:pub enum TrustLevel {
crates/amun-networking/src/quarantine.rs:29:pub enum QuarantineVerificationStatus {
crates/amun-networking/src/quarantine.rs:7:pub enum QuarantineLevel {
crates/amun-networking/src/risk.rs:3:pub enum ConstitutionalRisk {
crates/amun-networking/src/sovereignty.rs:33:pub enum HandshakePhase {
crates/amun-networking/src/sync.rs:15:pub enum SyncState {
crates/amun-networking/src/sync.rs:27:pub enum SyncResult {
crates/amun-networking/src/verification.rs:7:pub enum VerificationResult {
crates/amun-networking/tests/harness/event_scheduler.rs:7:pub enum EventType {
crates/amun-networking/tests/v2_015a_real_timeout_injection.rs:21:enum EventType {
crates/amun-nft-core/src/lib.rs:29:pub enum NftEvent {
crates/amun-nft-evidence/src/lib.rs:20:pub enum CekError {
crates/amun-nft-marketplace/src/lib.rs:36:pub enum MarketplaceEvent {
crates/amun-nft-mining/src/lib.rs:9:pub enum ContributionType {
crates/amun-pacemaker/src/pacemaker.rs:83:pub enum PacemakerEvent {
crates/amun-pacemaker/src/round_state.rs:3:pub enum RoundPhase {
crates/amun-pccv/src/pccv_verifier.rs:7:pub enum PCCVResult {
crates/amun-peer-discovery/src/discovery.rs:10:pub enum DiscoveryMessage {
crates/amun-peer-discovery/src/peer_table.rs:8:pub enum PeerStatus {
crates/amun-protocol-event/src/event.rs:9:pub enum ProtocolEvent {
crates/amun-replay-engine/src/adaptive_relay.rs:82:pub enum CompressionDecision {
crates/amun-replay-engine/src/byzantine_witness_filter.rs:18:pub enum FilterResult {
crates/amun-replay-engine/src/canonical.rs:148:pub enum CanonicalError {
crates/amun-replay-engine/src/closure_completeness.rs:4:pub enum ClosureCompleteness {
crates/amun-replay-engine/src/constitutional_governance.rs:64:pub enum AmendmentDerivabilityResult {
crates/amun-replay-engine/src/containment_boundary.rs:11:pub enum ContainmentStatus {
crates/amun-replay-engine/src/cross_constitution_federation.rs:161:pub enum FederationStatus {
crates/amun-replay-engine/src/derivational_frontier.rs:15:pub enum FrontierDependencyReason {
crates/amun-replay-engine/src/errors.rs:8:pub enum ReplayFailure {
crates/amun-replay-engine/src/execution_dependency.rs:14:pub enum ExecutionDependencyType {
crates/amun-replay-engine/src/execution_scheduler.rs:13:pub enum ScheduleDecision {
crates/amun-replay-engine/src/execution_task.rs:12:pub enum TaskType {
crates/amun-replay-engine/src/execution_vertex.rs:17:pub enum VertexType {
crates/amun-replay-engine/src/frontier_reconciliation.rs:55:pub enum FrontierReduction { AMoreComplete, BMoreComplete, EquallyComplete, Incomparable }
crates/amun-replay-engine/src/isolation_boundary.rs:15:pub enum IsolationViolation {
crates/amun-replay-engine/src/missing_closure.rs:46:pub enum ClosureType {
crates/amun-replay-engine/src/proof_routing.rs:108:pub enum RoutingReason {
crates/amun-replay-engine/src/proof_routing.rs:35:pub enum RoutedProofType {
crates/amun-replay-engine/src/proof_routing.rs:48:pub enum RoutePriority {
crates/amun-replay-engine/src/runtime_anomaly.rs:12:pub enum AnomalyType {
crates/amun-replay-engine/src/runtime_capability.rs:13:pub enum RuntimeCapability {
crates/amun-replay-engine/src/witness_envelope.rs:49:pub enum PropagationScope {
crates/amun-replay-semantics/src/lib.rs:54:pub enum ReplayFailure {
crates/amun-replay-verifier/src/replay_verifier.rs:13:pub enum ReplayResult {
crates/amun-resource-core/src/resource_lineage.rs:7:pub enum DerivationType {
crates/amun-resource-core/src/resource_registry.rs:37:pub enum RegistryError {
crates/amun-resource-core/src/resource_registry.rs:9:pub enum ResourceState {
crates/amun-resource-core/src/transformation_matrix.rs:5:pub enum ResourceArchetype {
crates/amun-runtime/src/journal.rs:6:pub enum JournalEntry {
crates/amun-scheduler/src/priority.rs:2:pub enum TaskPriority {
crates/amun-self-preservation/src/consistency.rs:16:pub enum ConsistencyViolation {
crates/amun-self-preservation/src/legitimacy_guards.rs:13:pub enum GuardedInvariant {
crates/amun-self-preservation/src/legitimacy_guards.rs:25:pub enum GuardViolation {
crates/amun-self-preservation/src/phase_transitions.rs:25:pub enum TransitionType {
crates/amun-smt/src/error.rs:4:pub enum SmtError {
crates/amun-smt/src/node.rs:20:pub enum Node {
crates/amun-smt/src/proof.rs:15:pub enum ProofVersion {
crates/amun-smt/src/proof.rs:29:pub enum AbsenceReason {
crates/amun-snapshot-constitution/src/snapshot.rs:5:pub enum SnapshotError {
crates/amun-snapshot-engine/src/byzantine_sync.rs:14:pub enum SyncDecision {
crates/amun-snapshot-engine/src/chunk_proof.rs:13:pub enum ProofStep {
crates/amun-snapshot-engine/src/compatibility.rs:31:pub enum CompatibilityReason {
crates/amun-snapshot-engine/src/compatibility.rs:9:pub enum CompatibilityLevel {
crates/amun-snapshot-engine/src/replay_continuity.rs:13:pub enum ContinuityResult {
crates/amun-snapshot-engine/src/restore.rs:111:pub enum RestoreError {
crates/amun-snapshot-engine/src/structural_verifier.rs:7:pub enum StructuralError {
crates/amun-snapshot-engine/src/transition.rs:5:pub enum ConstitutionalRelationship {
crates/amun-snapshot-engine/src/verifier.rs:13:pub enum VerificationResult {
crates/amun-state-machine/src/absolute_invariants.rs:6:pub enum AbsoluteInvariant {
crates/amun-state-machine/src/axioms.rs:54:pub enum AxiomVerification {
crates/amun-state-machine/src/axioms.rs:5:pub enum ConstitutionalAxiom {
crates/amun-state-machine/src/delta_algebra.rs:6:pub enum ConstitutionalDelta {
crates/amun-state-machine/src/delta_laws.rs:6:pub enum DeltaLaw {
crates/amun-state-machine/src/derivation.rs:15:pub enum InferenceRule {
crates/amun-state-machine/src/derivation.rs:34:pub enum DerivationStep {
crates/amun-state-machine/src/fork_merge.rs:17:pub enum ForkType {
crates/amun-state-machine/src/fork_merge.rs:91:pub enum MergeType {
crates/amun-state-machine/src/formal_entropy.rs:22:pub enum EntropySinkType {
crates/amun-state-machine/src/historical_invariants.rs:3:pub enum HistoricalInvariant {
crates/amun-state-machine/src/impossibility.rs:6:pub enum ImpossibilityProof {
crates/amun-state-machine/src/invariants.rs:3:pub enum ConstitutionalInvariant {
crates/amun-state-machine/src/merge_math.rs:5:pub enum MergeResolution {
crates/amun-state-machine/src/meta_amendment.rs:13:pub enum MetaAmendmentScope {
crates/amun-state-machine/src/meta_amendment.rs:29:pub enum MetaQuorum {
crates/amun-state-machine/src/postconditions.rs:5:pub enum Postcondition {
crates/amun-state-machine/src/preconditions.rs:6:pub enum Precondition {
crates/amun-state-machine/src/reconciliation.rs:7:pub enum ReconciliationStrategy {
crates/amun-state-machine/src/states.rs:4:pub enum StateTag {
crates/amun-state-machine/src/transitions.rs:5:pub enum TransitionType {
crates/amun-state-machine/src/verifier.rs:9:pub enum VerificationResult {
crates/amun-state-stream/src/messages.rs:4:pub enum SyncMessage {
crates/amun-state-sync/src/stateless_verifier.rs:6:pub enum SyncVerificationResult {
crates/amun-state-sync/src/sync_protocol.rs:17:pub enum SyncResponse {
crates/amun-state-transition/src/journal.rs:22:pub enum JournalError {
crates/amun-state-transition/src/write_set.rs:2:pub enum StateOperation {
crates/amun-stateless-sync/src/lib.rs:43:pub enum HeaderSyncMessage {
crates/amun-stateless-sync/src/lib.rs:54:pub enum CertificateSyncMessage {
crates/amun-stateless-sync/src/lib.rs:69:pub enum ProofBundleSyncMessage {
crates/amun-storage-kernel/src/lib.rs:144:pub enum ValidityLevel {
crates/amun-storage-kernel/src/smt/node.rs:10:pub enum Node {
crates/amun-storage-kernel/src/smt/proof.rs:12:pub enum ProofStep {
crates/amun-storage-kernel/src/smt/proof.rs:18:pub enum ProofType {
crates/amun-survival-console/src/dashboard.rs:18:pub enum SurvivabilityConfidence {
crates/amun-transaction/src/tx.rs:6:pub enum TransactionType {
crates/amun-transactions/src/lib.rs:6:pub enum TransactionPayload {
crates/amun-transcript-semantics/src/lib.rs:19:pub enum EventAuthority { Authoritative, Derived, Ephemeral, LocalOnly, Certifying }
crates/amun-transcript-semantics/src/lib.rs:27:pub enum ReplayClass { ReplayRequired, ReplayRecommended, ReplayDerived, ReplayExcluded, ReplayOptional }
crates/amun-transcript-semantics/src/lib.rs:43:pub enum TranscriptEntry { Consensus(ConsensusEvent), Execution(ExecutionEvent), Governance(GovernanceEvent), Certifying(CertifyingEvent) }
crates/amun-transcript-semantics/src/lib.rs:78:pub enum ReplayWitness {
crates/amun-truth-engine/src/engine.rs:23:pub enum ReplayError {
crates/amun-truth-engine/src/log.rs:9:pub enum TranscriptEntry {
crates/amun-unsafe/src/guard.rs:7:enum GuardState {
crates/amun-unsafe/src/slot.rs:9:enum SlotState {
crates/amun-validator-attestation/src/validator_set.rs:69:pub enum ValidatorSetError {
crates/amun-validator-networking/src/network_messages.rs:7:pub enum NetworkMessage {
crates/amun-validator-networking/src/rejoin_protocol.rs:5:pub enum RejoinResult {
crates/amun-verification-kernel/src/lib.rs:16:pub enum ClaimType {
crates/amun-verification-kernel/src/lib.rs:27:pub enum ClaimStatus {
crates/amun-verification-kernel/src/lib.rs:48:pub enum EvidenceType {
crates/amun-vm-kernel/src/pending_buffer.rs:22:pub enum VMEvidence {
crates/amun-vm-kernel/src/pending_buffer.rs:8:pub enum BufferAction {
crates/amun-vm-kernel/src/vm_kernel.rs:7:pub enum CommitResult {
crates/amun-wal/src/frame.rs:5:pub enum WalEntry {
crates/amun-wal/src/lib.rs:104:pub enum CorruptionAction {
crates/amun-wal/src/lib.rs:97:pub enum RecoveryMode {
crates/amun_state_machine/src/event.rs:8:pub enum EventType {
crates/amun_state_machine/src/receipt/mod.rs:8:pub enum ErrorCode {
crates/constitutional-linter/src/edge_semantics.rs:6:pub enum EdgeType {
crates/constitutional-linter/src/main.rs:69:enum Layer { Kernel, Constitutional, Interface, Consensus, Execution, Persistence, Network, Governance, Testing, Unknown }
