crates/amun-canonical-collections/src/lib.rs:17:pub trait DeterministicCollection { fn is_deterministic(&self) -> bool { true } }
crates/amun-canonical-collections/src/lib.rs:18:pub trait ReplaySafe: DeterministicCollection + CanonicalEncode {
crates/amun-canonical-collections/src/lib.rs:23:pub trait BoundedCollection {
crates/amun-codec/src/canonical_sort.rs:6:pub trait CanonicalSortKey {
crates/amun-codec/src/decode.rs:6:pub trait CanonicalDecode: Sized {
crates/amun-codec/src/encode.rs:13:pub trait CanonicalEncode {
crates/amun-codec/src/hash.rs:7:pub trait CanonicalHash {
crates/amun-codec/src/transducer.rs:4:pub trait CanonicalCursor {
crates/amun-codec/src/writer.rs:8:pub trait CanonicalWriter {
crates/amun-consensus-network/src/staking_adapter.rs:31:pub trait SlashingExecutor {
crates/amun-consensus/src/proposal_manager.rs:4:pub trait LeaderSelector: Send + Sync {
crates/amun-constitution-builder/src/canonical_bytes.rs:5:pub trait CanonicalSerialize {
crates/amun-constitution-builder/src/digest.rs:8:pub trait ArtifactDigest: CanonicalSerialize {
crates/amun-constitution-builder/src/emitter.rs:5:pub trait CanonicalEmit {
crates/amun-constitution/src/deterministic_execution.rs:4:pub trait DeterministicExecution: Sized {}
crates/amun-constitution/src/execution_semantics.rs:50:pub trait StateMachine {
crates/amun-constitutional/src/canonical_serialize.rs:15:pub trait CanonicalEncode {
crates/amun-constitutional/src/canonical_serialize.rs:21:pub trait CanonicalDecode: Sized {
crates/amun-constitutional/src/constitutional_object.rs:20:pub trait ConstitutionalIdentity {
crates/amun-constitutional/src/constitutional_object.rs:3:pub trait ConstitutionalObject {
crates/amun-kernel/src/canonical.rs:7:pub trait CanonicalEncode {
crates/amun-lineage/src/serialization.rs:7:pub trait ConstitutionalEncode {
crates/amun-networking/src/transport_trait.rs:8:pub trait Transport: Send {
crates/amun-networking/tests/harness/event_scheduler.rs:42:pub trait SchedulingPolicy {
crates/amun-networking/tests/harness/scenario.rs:10:pub trait ConsensusScenario {
crates/amun-persistence/src/lib.rs:28:pub trait PersistenceBackend {
crates/amun-replay-engine/src/canonical.rs:29:pub trait CanonicalEncode {
crates/amun-replay/src/store.rs:51:pub trait CertificateProvider {
crates/amun-rpc/src/provider.rs:6:pub trait ChainDataProvider: Send + Sync {
crates/amun-stf/src/state.rs:6:pub trait StateStore {
