crates/amun-canonical-collections/src/lib.rs:84:    type Item = T; type IntoIter = alloc::collections::btree_set::IntoIter<T>;
crates/amun-codec/src/writer.rs:6:pub type WriteResult = AmunResult<()>;
crates/amun-consensus/src/types.rs:4:pub type Hash256 = [u8; 32];
crates/amun-constitution-builder/src/types.rs:5:pub type GenesisHash = String;
crates/amun-constitution-builder/src/types.rs:6:pub type SpecificationHash = String;
crates/amun-constitution-builder/src/types.rs:7:pub type CivilizationId = String;
crates/amun-constitution-builder/src/types.rs:8:pub type Timestamp = String;
crates/amun-constitution/src/operational_semantics.rs:23:pub type RewriteRule = fn(&Configuration) -> Option<Configuration>;
crates/amun-constitutional-authority-semantics/src/capability.rs:66:pub type CapabilityWitness = amun_constitutional_signing::SignedArtifact<AuthorityCapability>;
crates/amun-constitutional-authority-semantics/src/delegation.rs:50:pub type DelegationProof = DelegationChain;
crates/amun-constitutional-commitment/src/lib.rs:27:pub type Hash32 = [u8; 32];
crates/amun-constitutional-governance/src/capability.rs:78:pub type CapabilityCertificate = amun_constitutional_signing::SignedArtifact<Capability>;
crates/amun-constitutional-governance/src/delegation.rs:8:pub type DelegateCertificate = SignedArtifact<Capability>;
crates/amun-constitutional-proof/src/obligation_id.rs:52:    type Err = RegistryError;
crates/amun-constitutional-proof/src/obligation_namespace.rs:42:    type Error = RegistryError;
crates/amun-constitutional/src/kernel_types.rs:3:pub type ConstitutionalHash = [u8; 32];
crates/amun-explorer-api/src/errors.rs:48:pub type ApiResult<T> = Result<Json<T>, ApiError>;
crates/amun-failure/src/taxonomy.rs:159:pub type AmunResult<T> = Result<T, FailureContext>;
crates/amun-http/src/server.rs:42:    type Response = Response<Full<Bytes>>;
crates/amun-http/src/server.rs:43:    type Error = hyper::Error;
crates/amun-http/src/server.rs:44:    type Future = Pin<Box<dyn Future<Output = Result<Self::Response, Self::Error>> + Send>>;
crates/amun-kernel-types/src/hash.rs:109:pub type BlockHash = Hash<BlockDomain>;
crates/amun-kernel-types/src/hash.rs:110:pub type TxHash = Hash<TransactionDomain>;
crates/amun-kernel-types/src/hash.rs:111:pub type VoteHash = Hash<VoteDomain>;
crates/amun-kernel-types/src/hash.rs:112:pub type QcHash = Hash<QuorumCertificateDomain>;
crates/amun-kernel-types/src/hash.rs:113:pub type StateCommitment = Hash<StateCommitmentDomain>;
crates/amun-nft-snapshot/tests/n151_snapshot_tests.rs:17:type SnapshotTestState = (
crates/amun-snapshot-engine/src/byzantine_sync.rs:45:type ConsensusKey = ([u8; 32], [u8; 32]);
crates/amun-snapshot-engine/src/traversal.rs:110:    type Item = SerializedNode;
crates/amun-state-machine/src/causality.rs:4:pub type CausalHeight = u64;
crates/amun-state-machine/src/transitions.rs:199:pub type TransitionId = [u8; 32];
crates/amun-storage-kernel/src/persistence/wal/iterator.rs:39:    type Item = WalEntry;
crates/amun-storage-kernel/src/smt/tree.rs:7:type NodeMap = OrdMap<NodeHash, Arc<Node>>;
crates/amun-validator-identity/src/validator_id.rs:2:pub type ValidatorId = [u8; 32];
crates/amun-vm-kernel/src/pending_buffer.rs:5:pub type Handle = u32;
crates/amun-wallet-api/src/errors.rs:45:pub type ApiResult<T> = Result<Json<T>, ApiError>;
crates/amun_consensus_math/src/fixed.rs:160:    type Output = Self;
crates/amun_consensus_math/src/fixed.rs:168:    type Output = Self;
crates/amun_consensus_math/src/fixed.rs:176:    type Output = Self;
crates/amun_consensus_math/src/fixed.rs:184:    type Output = Self;
crates/amun_consensus_math/src/fixed.rs:192:    type Output = Self;
crates/amun_consensus_math/src/fixed.rs:97:    type Err = ();
